// Jest Snapshot v1, https://goo.gl/fbAQLP

exports[`Given ParticleVortexView when rendering should have ParticleVortexView matching snapshot 1`] = `
<styled.div>
  <canvas
    className="particalizor-3000-destination-canvas"
  />
</styled.div>
`;
